nappy rig log  2026-10-02T23:51:43  version v0.21.5-14-g7d92cf16
   0.0  texture  atlas page 'ui' loaded in the startup: 0.7 ms, 392 x 392
   0.0  texture  atlas page 'stroller' loaded in the startup: 0.3 ms, 104 x 66
   0.0  texture  atlas page 'buildings' loaded in the startup: 1.9 ms, 332 x 576
   0.0  texture  atlas page 'street_kit' loaded in the startup: 1.5 ms, 392 x 454
   0.0  texture  atlas page 'ground' loaded in the startup: 1.1 ms, 172 x 308
   0.0  texture  atlas page 'decoration' loaded in the startup: 0.5 ms, 144 x 196
   0.0  texture  atlas page 'crowd' loaded in the startup: 0.4 ms, 194 x 250
   0.0  texture  atlas page 'events' loaded in the startup: 10.2 ms, 810 x 982
   0.0  texture  atlas page 'mother' loaded in the startup: 1.0 ms, 168 x 242
   0.0  texture  ground composed: 65 sources over 64 pictures into 424x444 in 21.2 ms
   0.0  texture  ground composed: 65 sources over 64 pictures into 424x444 in 21.1 ms
   0.0  cross    stepped into the road at (58,60), at a signalled crossing
   0.0  near     leaf_blower at (65,61), 187px, exc 0, in 0.7/s (crowd 0.0, events 0.7), sleep 0
   0.0  frame    fps 116, worst frame 297.1ms, draws 174, objects 862, primitives 1899, process 8.01ms, physics 0.44ms
   0.0  turn     doubled back 270°
   0.0  frame    fps 145, worst frame 7.6ms, draws 174, objects 862, primitives 1899, process 3.83ms, physics 1.30ms
   0.0  cross    stepped into the road at (59,60), at a signalled crossing
   0.0  frame    fps 145, worst frame 7.6ms, draws 174, objects 862, primitives 1899, process 5.07ms, physics 0.90ms
   0.0  cross    stepped into the road at (55,59), mid-block
   0.0  frame    fps 145, worst frame 7.6ms, draws 174, objects 862, primitives 1899, process 3.37ms, physics 1.53ms
   0.0  frame    fps 145, worst frame 7.7ms, draws 174, objects 862, primitives 1899, process 5.04ms, physics 1.12ms
   0.0  cross    stepped into the road at (58,56), at a signalled crossing
   0.0  frame    fps 145, worst frame 7.6ms, draws 174, objects 862, primitives 1899, process 2.44ms, physics 1.48ms
