nappy rig log  2026-09-26T21:02:37  version v0.18.0-40-g224e1022-dirty
   0.0  texture  atlas page 'ui' loaded in the startup: 1.2 ms, 262 x 420
   0.0  texture  atlas page 'stroller' loaded in the startup: 0.5 ms, 104 x 66
   0.0  texture  atlas page 'buildings' loaded in the startup: 2.4 ms, 332 x 576
   0.0  texture  atlas page 'street_kit' loaded in the startup: 1.9 ms, 392 x 454
   0.0  texture  atlas page 'ground' loaded in the startup: 1.6 ms, 172 x 308
   0.0  texture  atlas page 'decoration' loaded in the startup: 0.9 ms, 144 x 196
   0.0  texture  atlas page 'crowd' loaded in the startup: 0.9 ms, 194 x 250
   0.0  texture  atlas page 'events' loaded in the startup: 10.6 ms, 765 x 1024
   0.0  texture  atlas page 'mother' loaded in the startup: 1.4 ms, 168 x 242
   0.0  texture  ground composed: 66 sources over 65 pictures into 424x444 in 22.7 ms

day 1  act 1  run seed 4242  city seed 4242  length 210.0s  invincible
   0.0  texture  ground composed: 66 sources over 65 pictures into 424x444 in 22.5 ms
   0.0  plan     regions: 0 boundary, 0 wall, 0 door, calm by region: [1, 1, 1, 1]
   0.0  contact  the neighbor leaves for work, east along her street
   0.0  plan     closed: roadworks v(8,6)
   0.0  plan     calm: 2 forest, 2 park, 2 quiet_square, 3 courtyard
   0.0  plan     events: alley_mouse x4, burst_water_main x17, cafe_tables x61, car_accident x19, cat_dash x8, chatting_mother x2, delivery_van x61, dog_walker x23, fallen_tree x2, homeless_yeller x5, leaf_blower x15, loose_dog x12, market_stall x61, moving_van x53, pigeon_flock x5, playground x2, scaffolding x23, skip x22
   0.0  start    doorstep (113,158), facing 180°
   0.0  frame    fps 9, worst frame 257.4ms, draws 319, objects 2940, primitives 6544, process 15.11ms, physics 1.34ms
   0.0  shot     burst started: asked for an animation burst at (113,158) | exc 0, sleep 0 | playing | asked/burst-5349047-001
   0.0  frame    fps 133, worst frame 11.3ms, draws 315, objects 2863, primitives 6366, process 11.17ms, physics 1.18ms
   0.0  crowd    walked into somebody at (113,158) | exc 0, in 0.0/s (crowd 26.4, events 0.0), sleep 0
   0.0  frame    fps 84, worst frame 52.0ms, draws 331, objects 2931, primitives 6667, process 51.95ms, physics 1.40ms
   0.0  frame    fps 52, worst frame 56.2ms, draws 336, objects 2862, primitives 6577, process 55.39ms, physics 1.69ms
   0.0  shot     burst complete: 36 frames | duration
   0.0  frame    fps 49, worst frame 56.1ms, draws 338, objects 2810, primitives 6527, process 56.09ms, physics 1.24ms
   0.0  frame    fps 100, worst frame 11.0ms, draws 333, objects 2793, primitives 6442, process 54.39ms, physics 1.25ms
