nappy rig log  2026-10-02T23:51:37  version v0.21.5-14-g7d92cf16

escape  run seed 11  length 180.0s
   0.0  texture  atlas page 'ui' loaded in the escape: 0.8 ms, 392 x 392
   0.0  texture  atlas page 'stroller' loaded in the escape: 0.3 ms, 104 x 66
   0.0  texture  atlas page 'buildings' loaded in the escape: 2.0 ms, 332 x 576
   0.0  texture  atlas page 'street_kit' loaded in the escape: 1.5 ms, 392 x 454
   0.0  texture  atlas page 'ground' loaded in the escape: 1.2 ms, 172 x 308
   0.0  texture  atlas page 'decoration' loaded in the escape: 0.5 ms, 144 x 196
   0.0  texture  atlas page 'crowd' loaded in the escape: 0.5 ms, 194 x 250
   0.0  texture  atlas page 'events' loaded in the escape: 10.3 ms, 810 x 982
   0.0  texture  atlas page 'interior' loaded in the escape: 1.2 ms, 466 x 326
   0.0  texture  atlas page 'mother' loaded in the escape: 1.0 ms, 168 x 242
   0.0  texture  ground composed: 65 sources over 64 pictures into 424x444 in 21.6 ms
   0.0  arc      block (5,2) quiet_square -> requisitioned (scheduled)
   0.0  arc      block (6,9) quiet_square -> requisitioned (scheduled)
   0.0  arc      block (8,7) quiet_square -> requisitioned (scheduled)
   0.0  arc      block (3,8) commercial -> boarded_up (scheduled)
   0.0  arc      block (5,0) commercial -> boarded_up (scheduled)
   0.0  arc      block (10,10) commercial -> boarded_up (scheduled)
   0.0  arc      block (6,5) commercial -> boarded_up (scheduled)
   0.0  texture  ground composed: 65 sources over 64 pictures into 424x444 in 21.4 ms
   0.0  start    entered the city at (75,80), facing 180°
   0.3  cross    stepped into the road at (55,17), mid-block
   0.7  near     roadblock (telegraph) at (61,17), 154px, exc 0, in 0.3/s (crowd 0.0, events 4.3), sleep 100
   0.7  chase    roadblock came for her at (61,17) | exc 0, in 0.3/s (crowd 0.0, events 4.3), sleep 100
   1.0  cue      the mark over her head: soon for 0.3s (0.3s of it on the road) | roadblock 154px
   1.0  frame    fps 86, worst frame 285.9ms, draws 242, objects 935, primitives 2289, process 45.59ms, physics 2.05ms
   1.1  near     roadblock at (60,17), 83px, exc 1, in 5.0/s (crowd 0.0, events 9.0), sleep 100
