nappy rig log  2026-10-03T00:00:45  version v0.21.5-16-g8941448c
   0.0  texture  atlas page 'ui' loaded in the startup: 0.7 ms, 392 x 392
   0.0  texture  atlas page 'stroller' loaded in the startup: 0.2 ms, 104 x 66
   0.0  texture  atlas page 'buildings' loaded in the startup: 2.0 ms, 332 x 576
   0.0  texture  atlas page 'street_kit' loaded in the startup: 1.5 ms, 392 x 454
   0.0  texture  atlas page 'ground' loaded in the startup: 1.2 ms, 172 x 308
   0.0  texture  atlas page 'decoration' loaded in the startup: 0.5 ms, 144 x 196
   0.0  texture  atlas page 'crowd' loaded in the startup: 0.5 ms, 194 x 250
   0.0  texture  atlas page 'events' loaded in the startup: 10.6 ms, 810 x 982
   0.0  texture  atlas page 'mother' loaded in the startup: 1.0 ms, 168 x 242
   0.0  texture  ground composed: 65 sources over 64 pictures into 424x444 in 23.2 ms
   0.0  texture  ground composed: 65 sources over 64 pictures into 424x444 in 21.9 ms
   0.0  cross    stepped into the road at (58,60), at a signalled crossing
   0.0  near     leaf_blower at (65,61), 187px, exc 0, in 0.7/s (crowd 0.0, events 0.7), sleep 0
   0.0  frame    fps 87, worst frame 275.1ms, draws 172, objects 814, primitives 1803, process 12.67ms, physics 0.69ms
   0.0  turn     doubled back 270°
   0.0  frame    fps 144, worst frame 7.6ms, draws 172, objects 814, primitives 1803, process 1.53ms, physics 0.45ms
   0.0  cross    stepped into the road at (59,60), at a signalled crossing
   0.0  frame    fps 145, worst frame 7.6ms, draws 172, objects 814, primitives 1803, process 1.77ms, physics 0.29ms
   0.0  cross    stepped into the road at (55,59), mid-block
   0.0  frame    fps 145, worst frame 7.6ms, draws 172, objects 814, primitives 1803, process 0.57ms, physics 0.47ms
   0.0  frame    fps 145, worst frame 7.7ms, draws 172, objects 814, primitives 1803, process 0.69ms, physics 0.42ms
   0.0  cross    stepped into the road at (58,56), at a signalled crossing
   0.0  frame    fps 145, worst frame 7.6ms, draws 172, objects 814, primitives 1803, process 1.45ms, physics 0.35ms
