nappy rig log  2026-09-30T04:34:07  version v0.21.1-2-ga5303253-dirty
   0.0  texture  atlas page 'ui' loaded in the startup: 1.8 ms, 262 x 429
   0.0  texture  atlas page 'stroller' loaded in the startup: 0.7 ms, 104 x 66
   0.0  texture  atlas page 'buildings' loaded in the startup: 2.6 ms, 332 x 576
   0.0  texture  atlas page 'street_kit' loaded in the startup: 2.0 ms, 392 x 454
   0.0  texture  atlas page 'ground' loaded in the startup: 1.6 ms, 172 x 308
   0.0  texture  atlas page 'decoration' loaded in the startup: 0.9 ms, 144 x 196
   0.0  texture  atlas page 'crowd' loaded in the startup: 0.6 ms, 194 x 250
   0.0  texture  atlas page 'events' loaded in the startup: 11.1 ms, 810 x 982
   0.0  texture  atlas page 'mother' loaded in the startup: 1.3 ms, 168 x 242
   0.0  texture  ground composed: 65 sources over 64 pictures into 424x444 in 23.1 ms

day 1  act 1  run seed 4242  city seed 4242  length 210.0s  invincible
   0.0  texture  ground composed: 65 sources over 64 pictures into 424x444 in 21.1 ms
   0.0  plan     regions: 0 boundary, 0 wall, 0 door, calm by region: [1, 1, 1, 1]
   0.0  contact  the neighbor leaves for work, east along her street
   0.0  plan     closed: roadworks v(8,6)
   0.0  plan     calm: 2 forest, 2 park, 2 quiet_square, 3 courtyard
   0.0  plan     events: alley_mouse x4, burst_water_main x17, cafe_tables x61, car_accident x19, cat_dash x8, chatting_mother x2, delivery_van x61, dog_walker x23, fallen_tree x2, homeless_yeller x5, leaf_blower x15, loose_dog x12, market_stall x61, moving_van x53, pigeon_flock x5, playground x2, scaffolding x23, skip x22
   0.0  start    doorstep (89,10), facing 180°
   0.0  near     burst_water_main (telegraph) at (87,10), 80px, exc 0, in 0.0/s (crowd 0.0, events 0.0), sleep 0
   0.0  frame    fps 10, worst frame 261.6ms, draws 678, objects 2396, primitives 5353, process 16.87ms, physics 1.59ms
   0.0  frame    fps 146, worst frame 7.2ms, draws 678, objects 2396, primitives 5353, process 9.22ms, physics 1.38ms
   0.0  frame    fps 144, worst frame 14.0ms, draws 678, objects 2390, primitives 5347, process 5.82ms, physics 1.26ms
   0.0  frame    fps 142, worst frame 7.2ms, draws 678, objects 2390, primitives 5347, process 13.95ms, physics 1.34ms
   0.0  frame    fps 145, worst frame 7.2ms, draws 678, objects 2390, primitives 5347, process 5.62ms, physics 1.23ms
   0.0  shot     burst started: asked for an animation burst at (89,11) | exc 0, sleep 0 | playing | asked/burst-11410367-001
   0.0  frame    fps 94, worst frame 65.2ms, draws 672, objects 2380, primitives 5252, process 65.14ms, physics 1.36ms
   0.0  frame    fps 61, worst frame 59.9ms, draws 668, objects 2373, primitives 5187, process 60.48ms, physics 1.25ms
   0.0  crowd    walked into somebody at (89,11) | exc 0, in 0.0/s (crowd 22.2, events 0.0), sleep 0
   0.0  frame    fps 63, worst frame 57.8ms, draws 661, objects 2340, primitives 5049, process 59.87ms, physics 1.31ms
   0.0  shot     burst complete: 36 frames | duration
   0.0  frame    fps 114, worst frame 7.1ms, draws 661, objects 2340, primitives 5049, process 56.84ms, physics 1.29ms
   0.0  frame    fps 145, worst frame 7.9ms, draws 661, objects 2340, primitives 5049, process 6.62ms, physics 1.28ms
