nappy rig log  2026-09-19T08:16:12  version v0.11.1-9-g199c3981
   0.0  texture  transfer res://assets/illustrated/svg-transfer/props/litter_apple.png read from disk in 0.4 ms
   0.0  texture  transfer res://assets/illustrated/svg-transfer/props/litter_newspaper.png read from disk in 0.2 ms
   0.0  texture  transfer res://assets/illustrated/svg-transfer/props/litter_cup.png read from disk in 0.2 ms
   0.0  texture  transfer res://assets/illustrated/svg-transfer/props/litter_bag.png read from disk in 0.2 ms
   0.0  texture  transfer res://assets/illustrated/svg-transfer/props/litter_can.png read from disk in 0.2 ms
   0.0  texture  transfer res://assets/illustrated/svg-transfer/props/tree_a.png read from disk in 0.3 ms
   0.0  texture  transfer res://assets/illustrated/svg-transfer/props/tree_b.png read from disk in 0.2 ms
   0.0  texture  transfer res://assets/illustrated/svg-transfer/props/tree_pit.png read from disk in 0.2 ms
   0.0  texture  transfer res://assets/illustrated/svg-transfer/props/bollard.png read from disk in 0.2 ms
   0.0  texture  transfer res://assets/illustrated/svg-transfer/props/garbage_sack.png read from disk in 0.2 ms
   0.0  texture  transfer res://assets/illustrated/svg-transfer/props/garbage_sacks_pile.png read from disk in 0.2 ms
   0.0  texture  transfer res://assets/illustrated/svg-transfer/tiles/road.png read from disk in 0.2 ms
   0.0  texture  transfer res://assets/illustrated/svg-transfer/tiles/road_line_e.png read from disk in 0.2 ms
   0.0  texture  transfer res://assets/illustrated/svg-transfer/tiles/road_line_w.png read from disk in 0.2 ms
   0.0  texture  transfer res://assets/illustrated/svg-transfer/tiles/road_line_n.png read from disk in 0.2 ms
   0.0  texture  transfer res://assets/illustrated/svg-transfer/tiles/road_line_s.png read from disk in 0.2 ms
   0.0  texture  transfer res://assets/illustrated/svg-transfer/tiles/crossing_v.png read from disk in 0.2 ms
   0.0  texture  transfer res://assets/illustrated/svg-transfer/tiles/crossing_h.png read from disk in 0.2 ms
   0.0  texture  transfer res://assets/illustrated/svg-transfer/tiles/sidewalk.png read from disk in 0.2 ms
   0.0  texture  transfer res://assets/illustrated/svg-transfer/tiles/sidewalk_kerb_n.png read from disk in 0.2 ms
   0.0  texture  transfer res://assets/illustrated/svg-transfer/tiles/sidewalk_kerb_s.png read from disk in 0.2 ms
   0.0  texture  transfer res://assets/illustrated/svg-transfer/tiles/sidewalk_kerb_e.png read from disk in 0.2 ms
   0.0  texture  transfer res://assets/illustrated/svg-transfer/tiles/sidewalk_kerb_w.png read from disk in 0.2 ms
   0.0  texture  transfer res://assets/illustrated/svg-transfer/tiles/grass.png read from disk in 0.2 ms
   0.0  texture  transfer res://assets/illustrated/svg-transfer/tiles/sand.png read from disk in 0.2 ms
   0.0  texture  transfer res://assets/illustrated/svg-transfer/tiles/alley.png read from disk in 0.2 ms
   0.0  texture  transfer res://assets/illustrated/svg-transfer/tiles/plaza.png read from disk in 0.2 ms
   0.0  texture  transfer res://assets/illustrated/svg-transfer/tiles/stoop.png read from disk in 0.2 ms
   0.0  texture  transfer res://assets/illustrated/svg-transfer/tiles/forest.png read from disk in 0.2 ms
   0.0  texture  transfer res://assets/illustrated/svg-transfer/tiles/quiet_square.png read from disk in 0.2 ms
   0.0  texture  transfer res://assets/illustrated/svg-transfer/tiles/courtyard.png read from disk in 0.2 ms
   0.0  texture  transfer res://assets/illustrated/svg-transfer/tiles/spoiled.png read from disk in 0.2 ms
   0.0  texture  transfer res://assets/illustrated/svg-transfer/tiles/road_main.png read from disk in 0.2 ms
   0.0  texture  transfer res://assets/illustrated/svg-transfer/tiles/road_main_line_e.png read from disk in 0.2 ms
   0.0  texture  transfer res://assets/illustrated/svg-transfer/tiles/road_main_line_w.png read from disk in 0.2 ms
   0.0  texture  transfer res://assets/illustrated/svg-transfer/tiles/road_main_line_n.png read from disk in 0.2 ms
   0.0  texture  transfer res://assets/illustrated/svg-transfer/tiles/road_main_line_s.png read from disk in 0.2 ms
   0.0  texture  transfer res://assets/illustrated/svg-transfer/tiles/sidewalk_kerb_main_n.png read from disk in 0.2 ms
   0.0  texture  transfer res://assets/illustrated/svg-transfer/tiles/sidewalk_kerb_main_s.png read from disk in 0.2 ms
   0.0  texture  transfer res://assets/illustrated/svg-transfer/tiles/sidewalk_kerb_main_e.png read from disk in 0.2 ms
   0.0  texture  transfer res://assets/illustrated/svg-transfer/tiles/sidewalk_kerb_main_w.png read from disk in 0.2 ms
   0.0  texture  transfer res://assets/illustrated/svg-transfer/tiles/precinct.png read from disk in 0.2 ms
   0.0  texture  transfer res://assets/illustrated/svg-transfer/tiles/water.png read from disk in 0.2 ms
   0.0  texture  transfer res://assets/illustrated/svg-transfer/tiles/bulkhead.png read from disk in 0.2 ms
   0.0  texture  transfer res://assets/illustrated/svg-transfer/tiles/fence.png read from disk in 0.2 ms
   0.0  texture  transfer res://assets/illustrated/svg-transfer/tiles/mountain.png read from disk in 0.2 ms
   0.0  texture  transfer res://assets/illustrated/svg-transfer/tiles/scree.png read from disk in 0.2 ms
   0.0  texture  transfer res://assets/illustrated/svg-transfer/tiles/crossing_main_n.png read from disk in 0.2 ms
   0.0  texture  transfer res://assets/illustrated/svg-transfer/tiles/crossing_main_s.png read from disk in 0.2 ms
   0.0  texture  transfer res://assets/illustrated/svg-transfer/tiles/crossing_main_w.png read from disk in 0.2 ms
   0.0  texture  transfer res://assets/illustrated/svg-transfer/tiles/crossing_main_e.png read from disk in 0.2 ms
   0.0  texture  ground packed: 66 sources over 65 pictures into 2035x100 in 0.9 ms
   0.0  texture  transfer res://assets/illustrated/svg-transfer/props/roof_duct_corner.png read from disk in 1.2 ms
   0.0  texture  transfer res://assets/illustrated/svg-transfer/props/roof_hvac_unit.png read from disk in 0.5 ms
   0.0  texture  transfer res://assets/illustrated/svg-transfer/props/roof_water_tank.png read from disk in 0.4 ms
   0.0  texture  transfer res://assets/illustrated/svg-transfer/props/roof_hvac_unit_b.png read from disk in 0.3 ms
   0.0  texture  transfer res://assets/illustrated/svg-transfer/props/roof_duct_straight.png read from disk in 0.3 ms
   0.0  texture  transfer res://assets/illustrated/svg-transfer/props/roof_skylight.png read from disk in 0.3 ms
   0.0  texture  transfer res://assets/illustrated/svg-transfer/props/roof_vent_stack.png read from disk in 0.3 ms
   0.0  texture  transfer res://assets/illustrated/svg-transfer/props/roof_skylight_b.png read from disk in 0.3 ms
   0.0  texture  transfer res://assets/illustrated/svg-transfer/tiles/alley_draft.png read from disk in 0.8 ms
   0.0  texture  transfer res://assets/illustrated/svg-transfer/tiles/layers/main_crosswalk.png read from disk in 0.2 ms
   0.0  texture  transfer res://assets/illustrated/svg-transfer/tiles/layers/alley_base.png read from disk in 0.2 ms
   0.0  texture  transfer res://assets/illustrated/svg-transfer/tiles/layers/main_edge_red.png read from disk in 0.2 ms
   0.0  texture  transfer res://assets/illustrated/svg-transfer/tiles/layers/sidewalk_base.png read from disk in 0.2 ms
   0.0  texture  transfer res://assets/illustrated/svg-transfer/tiles/layers/sidewalk_cracked_hairline_b.png read from disk in 0.2 ms
   0.0  texture  transfer res://assets/illustrated/svg-transfer/tiles/layers/yellow_main_line.png read from disk in 0.2 ms
   0.0  texture  transfer res://assets/illustrated/svg-transfer/tiles/layers/crosswalk.png read from disk in 0.2 ms
   0.0  texture  transfer res://assets/illustrated/svg-transfer/tiles/layers/road_cracked_cracked_a.png read from disk in 0.2 ms
   0.0  texture  transfer res://assets/illustrated/svg-transfer/tiles/layers/yellow_half_line.png read from disk in 0.2 ms
   0.0  texture  transfer res://assets/illustrated/svg-transfer/tiles/layers/alley_cracked_broken_a.png read from disk in 0.2 ms
   0.0  texture  transfer res://assets/illustrated/svg-transfer/tiles/layers/grass_base.png read from disk in 0.2 ms
   0.0  texture  transfer res://assets/illustrated/svg-transfer/tiles/layers/alley_cracked_hairline_a.png read from disk in 0.2 ms
   0.0  texture  transfer res://assets/illustrated/svg-transfer/tiles/layers/road_cracked_cracked_b.png read from disk in 0.2 ms
   0.0  texture  transfer res://assets/illustrated/svg-transfer/tiles/layers/asphalt_base.png read from disk in 0.2 ms
   0.0  texture  transfer res://assets/illustrated/svg-transfer/tiles/layers/road_cracked_hairline_a.png read from disk in 0.2 ms
   0.0  texture  transfer res://assets/illustrated/svg-transfer/tiles/layers/alley_cracked_cracked_b.png read from disk in 0.2 ms
   0.0  texture  transfer res://assets/illustrated/svg-transfer/tiles/layers/alley_cracked_hairline_b.png read from disk in 0.2 ms
   0.0  texture  transfer res://assets/illustrated/svg-transfer/tiles/layers/sidewalk_cracked_broken_b.png read from disk in 0.2 ms
   0.0  texture  transfer res://assets/illustrated/svg-transfer/tiles/layers/grass_feature_b.png read from disk in 0.2 ms
   0.0  texture  transfer res://assets/illustrated/svg-transfer/tiles/layers/sidewalk_cracked_hairline_a.png read from disk in 0.2 ms
   0.0  texture  transfer res://assets/illustrated/svg-transfer/tiles/layers/sidewalk_cracked_cracked_b.png read from disk in 0.2 ms
   0.0  texture  transfer res://assets/illustrated/svg-transfer/tiles/layers/road_cracked_broken_a.png read from disk in 0.2 ms
   0.0  texture  transfer res://assets/illustrated/svg-transfer/tiles/layers/road_cracked_hairline_b.png read from disk in 0.2 ms
   0.0  texture  transfer res://assets/illustrated/svg-transfer/tiles/layers/sidewalk_cracked_broken_a.png read from disk in 0.2 ms
   0.0  texture  transfer res://assets/illustrated/svg-transfer/tiles/layers/alley_cracked_cracked_a.png read from disk in 0.2 ms
   0.0  texture  transfer res://assets/illustrated/svg-transfer/tiles/layers/road_cracked_broken_b.png read from disk in 0.2 ms
   0.0  texture  transfer res://assets/illustrated/svg-transfer/tiles/layers/sidewalk_cracked_cracked_a.png read from disk in 0.2 ms
   0.0  texture  transfer res://assets/illustrated/svg-transfer/tiles/layers/grass_feature_a.png read from disk in 0.2 ms
   0.0  texture  transfer res://assets/illustrated/svg-transfer/tiles/layers/grass_feature_c.png read from disk in 0.2 ms
   0.0  texture  transfer res://assets/illustrated/svg-transfer/tiles/layers/alley_cracked_broken_b.png read from disk in 0.2 ms
   0.0  texture  transfer res://assets/illustrated/svg-transfer/tiles/layers/curbstone.png read from disk in 0.2 ms
   0.0  texture  transfer res://assets/illustrated/svg-transfer/rig/mother_front_a.png read from disk in 0.4 ms
   0.0  texture  transfer res://assets/illustrated/svg-transfer/rig/mother_side_c.png read from disk in 0.5 ms
   0.0  texture  transfer res://assets/illustrated/svg-transfer/rig/mother_front_diagonal_b.png read from disk in 0.5 ms
   0.0  texture  transfer res://assets/illustrated/svg-transfer/rig/mother_back_c.png read from disk in 0.4 ms
   0.0  texture  transfer res://assets/illustrated/svg-transfer/rig/mother_carrying_front_diagonal_b.png read from disk in 0.6 ms
   0.0  texture  transfer res://assets/illustrated/svg-transfer/rig/mother_back_diagonal_c.png read from disk in 0.6 ms
   0.0  texture  transfer res://assets/illustrated/svg-transfer/rig/mother_carrying_back_c.png read from disk in 0.5 ms
   0.0  texture  transfer res://assets/illustrated/svg-transfer/rig/mother_carrying_front_c.png read from disk in 0.8 ms
   0.0  texture  transfer res://assets/illustrated/svg-transfer/rig/mother_back_diagonal_a.png read from disk in 0.2 ms
   0.0  texture  transfer res://assets/illustrated/svg-transfer/rig/mother_carrying_back_b.png read from disk in 0.3 ms
   0.0  texture  transfer res://assets/illustrated/svg-transfer/rig/pram_back.png read from disk in 0.4 ms
   0.0  texture  transfer res://assets/illustrated/svg-transfer/rig/mother_carrying_back_diagonal_a.png read from disk in 0.3 ms
   0.0  texture  transfer res://assets/illustrated/svg-transfer/rig/mother_carrying_side_c.png read from disk in 0.2 ms
   0.0  texture  transfer res://assets/illustrated/svg-transfer/rig/mother_back_diagonal_b.png read from disk in 0.2 ms
   0.0  texture  transfer res://assets/illustrated/svg-transfer/rig/mother_carrying_back_a.png read from disk in 0.3 ms
   0.0  texture  transfer res://assets/illustrated/svg-transfer/rig/mother_front_c.png read from disk in 0.4 ms
   0.0  texture  transfer res://assets/illustrated/svg-transfer/rig/mother_side_a.png read from disk in 0.3 ms
   0.0  texture  transfer res://assets/illustrated/svg-transfer/rig/mother_back_a.png read from disk in 0.4 ms
   0.0  texture  transfer res://assets/illustrated/svg-transfer/rig/pram_back_diagonal.png read from disk in 0.4 ms
   0.0  texture  transfer res://assets/illustrated/svg-transfer/rig/mother_front_b.png read from disk in 0.4 ms
   0.0  texture  transfer res://assets/illustrated/svg-transfer/rig/mother_carrying_front_a.png read from disk in 0.7 ms
   0.0  texture  transfer res://assets/illustrated/svg-transfer/rig/mother_side_b.png read from disk in 0.2 ms
   0.0  texture  transfer res://assets/illustrated/svg-transfer/rig/mother_carrying_side_a.png read from disk in 0.3 ms
   0.0  texture  transfer res://assets/illustrated/svg-transfer/rig/mother_carrying_back_diagonal_c.png read from disk in 0.3 ms
   0.0  texture  transfer res://assets/illustrated/svg-transfer/rig/mother_carrying_front_b.png read from disk in 0.3 ms
   0.0  texture  transfer res://assets/illustrated/svg-transfer/rig/mother_back_b.png read from disk in 0.2 ms
   0.0  texture  transfer res://assets/illustrated/svg-transfer/rig/mother_carrying_side_b.png read from disk in 0.3 ms
   0.0  texture  transfer res://assets/illustrated/svg-transfer/rig/mother_front_diagonal_c.png read from disk in 0.2 ms
   0.0  texture  transfer res://assets/illustrated/svg-transfer/rig/pram_side.png read from disk in 0.4 ms
   0.0  texture  transfer res://assets/illustrated/svg-transfer/rig/mother_carrying_front_diagonal_c.png read from disk in 0.3 ms
   0.0  texture  transfer res://assets/illustrated/svg-transfer/rig/pram_front_diagonal.png read from disk in 0.4 ms
   0.0  texture  transfer res://assets/illustrated/svg-transfer/rig/mother_carrying_front_diagonal_a.png read from disk in 0.3 ms
   0.0  texture  transfer res://assets/illustrated/svg-transfer/rig/mother_carrying_back_diagonal_b.png read from disk in 0.4 ms
   0.0  texture  transfer res://assets/illustrated/svg-transfer/rig/pram_front.png read from disk in 0.3 ms
   0.0  texture  transfer res://assets/illustrated/svg-transfer/rig/mother_front_diagonal_a.png read from disk in 0.7 ms
   0.0  texture  atlas decoration ready: 12 pictures in 423x54, 364.7 ms from request (0.0 ms packed off the main thread)

day 1  act 1  run seed 4242  city seed 4242  length 180.0s  invincible
   0.0  texture  ground packed: 66 sources over 65 pictures into 2035x100 in 0.9 ms
   0.0  plan     regions: 0 boundary, 0 wall, 0 door, calm by region: [1, 1, 1, 1]
   0.0  texture  atlas event/chatting_mother released 5.7 ms after it was requested, never ready
   0.0  texture  atlas event/mouse released 5.3 ms after it was requested, never ready
   0.0  texture  atlas event/yeller released 5.2 ms after it was requested, never ready
   0.0  texture  atlas event/skip released 5.3 ms after it was requested, never ready
   0.0  texture  atlas event/scaffolding released 5.2 ms after it was requested, never ready
   0.0  texture  atlas event/moving_van released 6.4 ms after it was requested, never ready
   0.0  texture  atlas crowd ready: 30 pictures in 823x48, 1.2 ms from request (0.0 ms packed off the main thread)
   0.0  plan     closed: fallen tree h(1,6)
   0.0  plan     calm: 2 forest, 2 park, 2 quiet_square, 3 courtyard
   0.0  plan     events: alley_mouse x4, burst_water_main x19, cafe_tables x65, car_accident x22, cat_dash x8, chatting_mother x2, delivery_van x57, dog_walker x23, fallen_tree x4, homeless_yeller x5, leaf_blower x15, loose_dog x12, market_stall x69, moving_van x56, pigeon_flock x5, playground x2, scaffolding x25, skip x20
   0.0  start    doorstep (18,87), facing 180°
   0.0  texture  atlas stroller ready: 35 pictures in 960x48, 1501.7 ms from request (0.0 ms packed off the main thread)
   0.0  texture  atlas head_indicators ready: 5 pictures in 128x28, 1501.5 ms from request (0.0 ms packed off the main thread)
   0.0  texture  atlas event/dog_walker ready: 20 pictures in 525x44, 364.0 ms from request (0.0 ms packed off the main thread)
   0.0  texture  atlas event/leaf_blower ready: 10 pictures in 351x44, 363.1 ms from request (0.0 ms packed off the main thread)
   0.0  texture  atlas event/cafe ready: 11 pictures in 196x32, 362.7 ms from request (0.0 ms packed off the main thread)
   0.0  texture  atlas event/delivery_van ready: 5 pictures in 234x52, 361.6 ms from request (0.0 ms packed off the main thread)
   0.0  texture  atlas event/car_accident ready: 4 pictures in 505x202, 360.6 ms from request (0.0 ms packed off the main thread)
   0.0  texture  atlas event/stall ready: 1 pictures in 28x38, 359.8 ms from request (0.0 ms packed off the main thread)
   0.0  texture  atlas event/birds ready: 10 pictures in 223x20, 357.7 ms from request (0.0 ms packed off the main thread)
   0.0  texture  atlas event/fallen_tree ready: 2 pictures in 253x202, 355.6 ms from request (0.0 ms packed off the main thread)
   0.0  texture  atlas event/moving_van ready: 2 pictures in 103x58, 353.4 ms from request (0.0 ms packed off the main thread)
   0.0  texture  atlas event/skip ready: 1 pictures in 46x30, 352.8 ms from request (0.0 ms packed off the main thread)
   0.0  texture  atlas event/scaffolding ready: 1 pictures in 24x38, 352.7 ms from request (0.0 ms packed off the main thread)
   0.0  near     fallen_tree (telegraph) at (21,87), 97px, exc 0, in 0.0/s (crowd 5.4, events 0.0), sleep 0
   0.0  closure  saw the fallen tree on h(1,6) from (18,87)
   0.0  frame    fps 2, worst frame 277.4ms, draws 763, objects 2040, primitives 4650, process 1646.31ms, physics 1.80ms
   0.0  frame    fps 71, worst frame 19.4ms, draws 764, objects 2059, primitives 4715, process 16.55ms, physics 1.83ms
   0.0  shot     burst started: asked for an animation burst at (19,87) | exc 0, sleep 1 | playing | asked/burst-6713653-001
   0.0  frame    fps 89, worst frame 68.4ms, draws 760, objects 2047, primitives 4640, process 19.38ms, physics 1.69ms
   0.0  frame    fps 68, worst frame 79.9ms, draws 759, objects 2023, primitives 4595, process 68.40ms, physics 1.69ms
   0.0  frame    fps 24, worst frame 83.2ms, draws 766, objects 2056, primitives 4739, process 80.51ms, physics 1.62ms
   0.0  shot     burst complete: 36 frames | duration
   0.0  frame    fps 21, worst frame 86.4ms, draws 771, objects 2083, primitives 4817, process 82.06ms, physics 1.64ms
   0.0  frame    fps 37, worst frame 27.9ms, draws 770, objects 2083, primitives 4817, process 86.03ms, physics 1.54ms
   0.0  texture  atlas event/dog_walker released after 7801.0 ms drawn from
   0.0  texture  atlas event/leaf_blower released after 7801.0 ms drawn from
   0.0  texture  atlas event/cafe released after 7801.0 ms drawn from
   0.0  texture  atlas event/delivery_van released after 7801.0 ms drawn from
   0.0  texture  atlas event/car_accident released after 7800.9 ms drawn from
   0.0  texture  atlas event/stall released after 7800.9 ms drawn from
   0.0  texture  atlas event/birds released after 7800.9 ms drawn from
   0.0  texture  atlas event/fallen_tree released after 7800.8 ms drawn from
   0.0  texture  atlas event/moving_van released after 7800.8 ms drawn from
   0.0  texture  atlas event/skip released after 7800.8 ms drawn from
   0.0  texture  atlas event/scaffolding released after 7800.8 ms drawn from
   0.0  texture  atlas stroller released after 7802.1 ms drawn from
   0.0  texture  atlas head_indicators released after 7802.1 ms drawn from
   0.0  texture  atlas decoration released after 9350.0 ms drawn from
