nappy rig log  2026-09-27T17:13:40  version v0.20.0-46-gb6bfdbfc
   0.0  texture  atlas page 'ui' loaded in the startup: 0.9 ms, 262 x 429
   0.0  texture  atlas page 'stroller' loaded in the startup: 0.5 ms, 104 x 66
   0.0  texture  atlas page 'buildings' loaded in the startup: 2.4 ms, 332 x 576
   0.0  texture  atlas page 'street_kit' loaded in the startup: 2.0 ms, 392 x 454
   0.0  texture  atlas page 'ground' loaded in the startup: 1.7 ms, 172 x 308
   0.0  texture  atlas page 'decoration' loaded in the startup: 0.9 ms, 144 x 196
   0.0  texture  atlas page 'crowd' loaded in the startup: 0.8 ms, 194 x 250
   0.0  texture  atlas page 'events' loaded in the startup: 10.9 ms, 810 x 982
   0.0  texture  atlas page 'mother' loaded in the startup: 1.3 ms, 168 x 242
   0.0  texture  ground composed: 65 sources over 64 pictures into 424x444 in 22.8 ms

day 2  act 1  run seed 4242  city seed 4242  length 210.0s  invincible
   0.0  texture  ground composed: 65 sources over 64 pictures into 424x444 in 22.1 ms
   0.0  plan     regions: 0 boundary, 0 wall, 0 door, calm by region: [1, 1, 1, 1]
   0.0  contact  the neighbor leaves for work, east along her street
   0.0  plan     closed: roadworks v(8,6)
   0.0  plan     calm: 2 forest, 2 park, 2 quiet_square, 3 courtyard
   0.0  plan     events: alley_mouse x4, burst_water_main x21, busker x2, cafe_tables x58, car_accident x20, cat_dash x6, chatting_mother x2, construction x43, cyclist x12, delivery_van x37, dog_walker x18, fallen_tree, homeless_yeller x12, ice_cream_van x5, leaf_blower x7, loose_dog x12, market_stall x45, moving_van x43, pigeon_flock x5, playground x2, scaffolding x21, skip x22
   0.0  start    doorstep (80,84), facing 180°
   0.0  frame    fps 2, worst frame 265.9ms, draws 258, objects 1392, primitives 3159, process 21.57ms, physics 1.19ms
   0.0  frame    fps 87, worst frame 19.2ms, draws 258, objects 1393, primitives 3158, process 17.82ms, physics 1.40ms
   0.0  frame    fps 89, worst frame 16.2ms, draws 258, objects 1399, primitives 3167, process 13.07ms, physics 1.27ms
   0.0  frame    fps 90, worst frame 13.8ms, draws 262, objects 1404, primitives 3228, process 15.07ms, physics 1.32ms
   0.0  frame    fps 94, worst frame 15.5ms, draws 254, objects 1456, primitives 3233, process 13.77ms, physics 1.31ms
   0.0  frame    fps 89, worst frame 16.3ms, draws 250, objects 1453, primitives 3182, process 14.37ms, physics 1.36ms
   0.0  frame    fps 92, worst frame 22.1ms, draws 246, objects 1445, primitives 3112, process 15.09ms, physics 1.28ms
   0.0  frame    fps 92, worst frame 14.7ms, draws 250, objects 1452, primitives 3177, process 22.08ms, physics 1.32ms
   0.0  shot     burst started: asked for an animation burst at (80,82) | exc 0, sleep 4 | playing | asked/burst-12553526-001
   0.0  frame    fps 91, worst frame 52.3ms, draws 251, objects 1456, primitives 3158, process 14.79ms, physics 1.63ms
   0.0  frame    fps 69, worst frame 53.3ms, draws 249, objects 1454, primitives 3130, process 52.29ms, physics 1.31ms
   0.0  frame    fps 43, worst frame 53.8ms, draws 249, objects 1423, primitives 3068, process 52.67ms, physics 1.33ms
   0.0  shot     burst complete: 36 frames | duration
   0.0  frame    fps 42, worst frame 53.9ms, draws 251, objects 1427, primitives 3103, process 52.63ms, physics 1.34ms
   0.0  frame    fps 66, worst frame 15.9ms, draws 263, objects 1445, primitives 3283, process 52.84ms, physics 1.35ms
