nappy rig log  2026-10-02T23:52:13  version v0.21.5-14-g7d92cf16
   0.0  texture  atlas page 'ui' loaded in the startup: 0.7 ms, 392 x 392
   0.0  texture  atlas page 'stroller' loaded in the startup: 0.2 ms, 104 x 66
   0.0  texture  atlas page 'buildings' loaded in the startup: 2.0 ms, 332 x 576
   0.0  texture  atlas page 'street_kit' loaded in the startup: 1.4 ms, 392 x 454
   0.0  texture  atlas page 'ground' loaded in the startup: 1.1 ms, 172 x 308
   0.0  texture  atlas page 'decoration' loaded in the startup: 0.5 ms, 144 x 196
   0.0  texture  atlas page 'crowd' loaded in the startup: 0.4 ms, 194 x 250
   0.0  texture  atlas page 'events' loaded in the startup: 10.4 ms, 810 x 982
   0.0  texture  atlas page 'father' loaded in the startup: 1.0 ms, 168 x 242
   0.0  texture  ground composed: 65 sources over 64 pictures into 424x444 in 21.7 ms
   0.0  arc      block (5,2) quiet_square -> requisitioned (scheduled)
   0.0  arc      block (6,9) quiet_square -> requisitioned (scheduled)
   0.0  arc      block (8,7) quiet_square -> requisitioned (scheduled)
   0.0  arc      block (3,8) commercial -> boarded_up (scheduled)
   0.0  arc      block (5,0) commercial -> boarded_up (scheduled)
   0.0  arc      block (10,10) commercial -> boarded_up (scheduled)
   0.0  arc      block (6,5) commercial -> boarded_up (scheduled)
   0.0  texture  ground composed: 65 sources over 64 pictures into 424x444 in 21.5 ms
   0.0  cross    stepped into the road at (99,45), at a zebra
   0.0  near     roadblock (telegraph) at (104,45), 176px, exc 0, in 0.1/s (crowd 0.0, events 0.1), sleep 0
   0.0  near     checkpoint_gate (telegraph) at (101,48), 118px, exc 0, in 0.1/s (crowd 0.0, events 0.1), sleep 0
   0.0  near     checkpoint_hut (telegraph) at (99,48), 96px, exc 0, in 0.2/s (crowd 0.0, events 0.2), sleep 0
   0.0  near     roadblock (telegraph) at (104,47), 179px, exc 0, in 0.6/s (crowd 0.0, events 0.6), sleep 0
   0.0  chat     checkpoint_hut at (99,48), 2.0s, baby awake, meter +25
