== atlases ==
atlases: baking (png mode) -- no bake manifest: nothing has been baked yet
Godot Engine v4.7.2.stable.official.ed1daf0bf - https://godotengine.org

bake_atlases: buildings          66 members  332x576  extrude padding  93% fill
bake_atlases: crowd              35 members  194x250  transparent padding  92% fill
bake_atlases: decoration         15 members  144x196  transparent padding  69% fill
bake_atlases: events            369 members  810x982  transparent padding  91% fill
bake_atlases: father             30 members  168x242  transparent padding  96% fill
bake_atlases: ground             43 members  172x308  extrude padding  94% fill
bake_atlases: interior           41 members  466x326  extrude padding  94% fill
bake_atlases: mother             30 members  168x242  transparent padding  96% fill
bake_atlases: street_kit         21 members  392x454  transparent padding  87% fill
bake_atlases: stroller            5 members  104x66  transparent padding  83% fill
bake_atlases: ui                 11 members  262x429  transparent padding  94% fill
bake_atlases: 666 regions over 11 pages in png mode, 3231 ms
SCRIPT ERROR: Parse Error: Identifier "GameEnums" not declared in the current scope.
          at: GDScript::reload (res://src/autoload/tuning.gd:731)
SCRIPT ERROR: Parse Error: Identifier "GameEnums" not declared in the current scope.
          at: GDScript::reload (res://src/autoload/tuning.gd:734)
SCRIPT ERROR: Parse Error: Identifier "GameEnums" not declared in the current scope.
          at: GDScript::reload (res://src/autoload/tuning.gd:735)
SCRIPT ERROR: Parse Error: Identifier "GameEnums" not declared in the current scope.
          at: GDScript::reload (res://src/autoload/tuning.gd:736)
SCRIPT ERROR: Parse Error: Identifier "GameEnums" not declared in the current scope.
          at: GDScript::reload (res://src/autoload/tuning.gd:739)
SCRIPT ERROR: Parse Error: Identifier "GameEnums" not declared in the current scope.
          at: GDScript::reload (res://src/autoload/tuning.gd:740)
SCRIPT ERROR: Parse Error: Identifier "GameEnums" not declared in the current scope.
          at: GDScript::reload (res://src/autoload/tuning.gd:741)
SCRIPT ERROR: Parse Error: Identifier "GameEnums" not declared in the current scope.
          at: GDScript::reload (res://src/autoload/tuning.gd:742)
SCRIPT ERROR: Parse Error: Identifier "GameEnums" not declared in the current scope.
          at: GDScript::reload (res://src/autoload/tuning.gd:747)
SCRIPT ERROR: Parse Error: Assigned value for constant "ALLEY_CHANCE" isn't a constant expression.
          at: GDScript::reload (res://src/autoload/tuning.gd:730)
SCRIPT ERROR: Parse Error: Identifier "CrowdLanes" not declared in the current scope.
          at: GDScript::reload (res://src/autoload/tuning.gd:2162)
SCRIPT ERROR: Parse Error: Cannot infer the type of "lane_gap" variable because the value doesn't have a set type.
          at: GDScript::reload (res://src/autoload/tuning.gd:2162)
SCRIPT ERROR: Parse Error: Identifier "CrowdAgent" not declared in the current scope.
          at: GDScript::reload (res://src/autoload/tuning.gd:2163)
SCRIPT ERROR: Parse Error: Cannot infer the type of "crossing_run" variable because the value doesn't have a set type.
          at: GDScript::reload (res://src/autoload/tuning.gd:2163)
ERROR: Failed to load script "res://src/autoload/tuning.gd" with error "Parse error".
   at: load (modules/gdscript/gdscript_resource_format.cpp:46)
ERROR: Failed to instantiate an autoload, script 'res://src/autoload/tuning.gd' does not inherit from 'Node'.
   at: start (main/main.cpp:4539)
SCRIPT ERROR: Parse Error: Could not find type "GameEnums" in the current scope.
          at: GDScript::reload (res://src/autoload/event_bus.gd:11)
SCRIPT ERROR: Parse Error: Could not find type "GameEnums" in the current scope.
          at: GDScript::reload (res://src/autoload/event_bus.gd:30)
SCRIPT ERROR: Parse Error: Could not find type "GameEnums" in the current scope.
          at: GDScript::reload (res://src/autoload/event_bus.gd:35)
ERROR: Failed to load script "res://src/autoload/event_bus.gd" with error "Parse error".
   at: load (modules/gdscript/gdscript_resource_format.cpp:46)
ERROR: Failed to instantiate an autoload, script 'res://src/autoload/event_bus.gd' does not inherit from 'Node'.
   at: start (main/main.cpp:4539)
SCRIPT ERROR: Parse Error: Could not find type "TelemetryLog" in the current scope.
          at: GDScript::reload (res://src/autoload/telemetry.gd:37)
SCRIPT ERROR: Parse Error: Could not find type "TelemetryLog" in the current scope.
          at: GDScript::reload (res://src/autoload/telemetry.gd:296)
SCRIPT ERROR: Parse Error: Could not find type "CityMap" in the current scope.
          at: GDScript::reload (res://src/autoload/telemetry.gd:578)
SCRIPT ERROR: Parse Error: Could not find type "RoadClosure" in the current scope.
          at: GDScript::reload (res://src/autoload/telemetry.gd:578)
SCRIPT ERROR: Parse Error: Could not find type "RouteTree" in the current scope.
          at: GDScript::reload (res://src/autoload/telemetry.gd:579)
SCRIPT ERROR: Parse Error: Could not find type "EventScheduler" in the current scope.
          at: GDScript::reload (res://src/autoload/telemetry.gd:579)
SCRIPT ERROR: Parse Error: Identifier "DevFlags" not declared in the current scope.
          at: GDScript::reload (res://src/autoload/telemetry.gd:103)
SCRIPT ERROR: Parse Error: Identifier "TelemetryLog" not declared in the current scope.
          at: GDScript::reload (res://src/autoload/telemetry.gd:157)
SCRIPT ERROR: Parse Error: Identifier "TelemetryLog" not declared in the current scope.
          at: GDScript::reload (res://src/autoload/telemetry.gd:179)
SCRIPT ERROR: Parse Error: Identifier "DevFlags" not declared in the current scope.
          at: GDScript::reload (res://src/autoload/telemetry.gd:208)
SCRIPT ERROR: Parse Error: Identifier "DevFlags" not declared in the current scope.
          at: GDScript::reload (res://src/autoload/telemetry.gd:236)
SCRIPT ERROR: Parse Error: Identifier "AutoScreenshot" not declared in the current scope.
          at: GDScript::reload (res://src/autoload/telemetry.gd:462)
SCRIPT ERROR: Parse Error: Identifier "RouteTree" not declared in the current scope.
          at: GDScript::reload (res://src/autoload/telemetry.gd:585)
SCRIPT ERROR: Parse Error: Cannot infer the type of "drawn" variable because the value doesn't have a set type.
          at: GDScript::reload (res://src/autoload/telemetry.gd:585)
SCRIPT ERROR: Parse Error: Identifier "TelemetryMap" not declared in the current scope.
          at: GDScript::reload (res://src/autoload/telemetry.gd:586)
SCRIPT ERROR: Parse Error: Identifier "AutoScreenshot" not declared in the current scope.
          at: GDScript::reload (res://src/autoload/telemetry.gd:596)
ERROR: Failed to load script "res://src/autoload/telemetry.gd" with error "Parse error".
   at: load (modules/gdscript/gdscript_resource_format.cpp:46)
ERROR: Failed to instantiate an autoload, script 'res://src/autoload/telemetry.gd' does not inherit from 'Node'.
   at: start (main/main.cpp:4539)
SCRIPT ERROR: Parse Error: Could not find type "GameEnums" in the current scope.
          at: GDScript::reload (res://src/autoload/game_state.gd:13)
SCRIPT ERROR: Parse Error: Identifier "GameEnums" not declared in the current scope.
          at: GDScript::reload (res://src/autoload/game_state.gd:13)
SCRIPT ERROR: Parse Error: Identifier "CityState" not declared in the current scope.
          at: GDScript::reload (res://src/autoload/game_state.gd:68)
SCRIPT ERROR: Parse Error: Cannot infer the type of "city_state" variable because the value doesn't have a set type.
          at: GDScript::reload (res://src/autoload/game_state.gd:68)
SCRIPT ERROR: Parse Error: Identifier "PosterState" not declared in the current scope.
          at: GDScript::reload (res://src/autoload/game_state.gd:74)
SCRIPT ERROR: Parse Error: Cannot infer the type of "posters" variable because the value doesn't have a set type.
          at: GDScript::reload (res://src/autoload/game_state.gd:74)
SCRIPT ERROR: Parse Error: Could not find type "GameEnums" in the current scope.
          at: GDScript::reload (res://src/autoload/game_state.gd:271)
SCRIPT ERROR: Parse Error: Could not find type "GameEnums" in the current scope.
          at: GDScript::reload (res://src/autoload/game_state.gd:321)
SCRIPT ERROR: Parse Error: Identifier "TelemetryLog" not declared in the current scope.
          at: GDScript::reload (res://src/autoload/game_state.gd:192)
SCRIPT ERROR: Parse Error: Identifier "GameEnums" not declared in the current scope.
          at: GDScript::reload (res://src/autoload/game_state.gd:203)
SCRIPT ERROR: Parse Error: Identifier "GameEnums" not declared in the current scope.
          at: GDScript::reload (res://src/autoload/game_state.gd:272)
SCRIPT ERROR: Parse Error: Identifier "GameEnums" not declared in the current scope.
          at: GDScript::reload (res://src/autoload/game_state.gd:289)
SCRIPT ERROR: Parse Error: Identifier "GameEnums" not declared in the current scope.
          at: GDScript::reload (res://src/autoload/game_state.gd:304)
SCRIPT ERROR: Parse Error: Identifier "GameEnums" not declared in the current scope.
          at: GDScript::reload (res://src/autoload/game_state.gd:304)
SCRIPT ERROR: Parse Error: Identifier "GameEnums" not declared in the current scope.
          at: GDScript::reload (res://src/autoload/game_state.gd:331)
SCRIPT ERROR: Parse Error: Could not resolve external class member "run_ended".
          at: GDScript::reload (res://src/autoload/game_state.gd:334)
SCRIPT ERROR: Parse Error: Identifier "GameSave" not declared in the current scope.
          at: GDScript::reload (res://src/autoload/game_state.gd:341)
SCRIPT ERROR: Parse Error: Identifier "ResistanceHappenings" not declared in the current scope.
          at: GDScript::reload (res://src/autoload/game_state.gd:371)
SCRIPT ERROR: Parse Error: Identifier "ResistanceSteps" not declared in the current scope.
          at: GDScript::reload (res://src/autoload/game_state.gd:373)
SCRIPT ERROR: Parse Error: Cannot infer the type of "warning" variable because the value doesn't have a set type.
          at: GDScript::reload (res://src/autoload/game_state.gd:373)
SCRIPT ERROR: Parse Error: Could not find type "GameEnums" in the current scope.
          at: GDScript::reload (res://src/autoload/game_state.gd:602)
ERROR: Failed to load script "res://src/autoload/game_state.gd" with error "Parse error".
   at: load (modules/gdscript/gdscript_resource_format.cpp:46)
ERROR: Failed to instantiate an autoload, script 'res://src/autoload/game_state.gd' does not inherit from 'Node'.
   at: start (main/main.cpp:4539)
SCRIPT ERROR: Parse Error: Could not find type "GameEnums" in the current scope.
          at: GDScript::reload (res://src/autoload/visit_counter.gd:199)
SCRIPT ERROR: Parse Error: Could not find type "GameEnums" in the current scope.
          at: GDScript::reload (res://src/autoload/visit_counter.gd:210)
SCRIPT ERROR: Parse Error: Could not find type "GameEnums" in the current scope.
          at: GDScript::reload (res://src/autoload/visit_counter.gd:359)
SCRIPT ERROR: Parse Error: Could not find type "GameEnums" in the current scope.
          at: GDScript::reload (res://src/autoload/visit_counter.gd:362)
SCRIPT ERROR: Parse Error: Could not resolve external class member "day_ended".
          at: GDScript::reload (res://src/autoload/visit_counter.gd:70)
SCRIPT ERROR: Parse Error: Could not resolve external class member "run_ended".
          at: GDScript::reload (res://src/autoload/visit_counter.gd:72)
SCRIPT ERROR: Parse Error: Identifier "DevFlags" not declared in the current scope.
          at: GDScript::reload (res://src/autoload/visit_counter.gd:97)
SCRIPT ERROR: Parse Error: Identifier "DevFlags" not declared in the current scope.
          at: GDScript::reload (res://src/autoload/visit_counter.gd:146)
SCRIPT ERROR: Parse Error: Identifier "GameEnums" not declared in the current scope.
          at: GDScript::reload (res://src/autoload/visit_counter.gd:200)
SCRIPT ERROR: Parse Error: Identifier "GameEnums" not declared in the current scope.
          at: GDScript::reload (res://src/autoload/visit_counter.gd:214)
SCRIPT ERROR: Parse Error: Identifier "GameEnums" not declared in the current scope.
          at: GDScript::reload (res://src/autoload/visit_counter.gd:214)
SCRIPT ERROR: Parse Error: Identifier "ControlsMode" not declared in the current scope.
          at: GDScript::reload (res://src/autoload/visit_counter.gd:226)
SCRIPT ERROR: Parse Error: Identifier "ResistanceSteps" not declared in the current scope.
          at: GDScript::reload (res://src/autoload/visit_counter.gd:242)
SCRIPT ERROR: Parse Error: Cannot infer the type of "data" variable because the value doesn't have a set type.
          at: GDScript::reload (res://src/autoload/visit_counter.gd:242)
SCRIPT ERROR: Parse Error: Identifier "GameEnums" not declared in the current scope.
          at: GDScript::reload (res://src/autoload/visit_counter.gd:360)
ERROR: Failed to load script "res://src/autoload/visit_counter.gd" with error "Parse error".
   at: load (modules/gdscript/gdscript_resource_format.cpp:46)
ERROR: Failed to instantiate an autoload, script 'res://src/autoload/visit_counter.gd' does not inherit from 'Node'.
   at: start (main/main.cpp:4539)

The pages above were baked correctly. The errors above them are the engine loading the game's
own scripts -- this wrapper starts Godot with --script, which loads every autoload first -- on a
checkout with no .godot/ to resolve their class_names against, which is every fresh clone and
every new worktree. The bake reads its sources directly and builds nothing out of those classes,
so its pages are unaffected.

Run tools/check.sh: it bakes (nothing to redo, the pages above are current) and then runs the
import pass the engine's own errors above are missing.
== import ==
== boot ==
Godot Engine v4.7.2.stable.official.ed1daf0bf - https://godotengine.org

[GameState] run started, seed=93278601
[Telemetry] /Users/krause/Library/Application Support/Godot/app_userdata/Nappy/telemetry/2026-09-29/rig-215221-seed93278601-v0.21.1-1-g41fd54a1/run.log
[Main] 9 atlas pages held from startup in 19 ms
[Main] city generated in 371 ms (seed 93278601)
[DebugLayers] keys:  1 fields   2 shadows   3 bounding boxes   4 readout   5 routes
[Main] day 1 started in 1084 ms (act 1): 379 events (29 live, 23 ahead), 234 crowd, 210s | calm: 2 park, 4 courtyard, 5 quiet_square | closed: accident v(3,6)

OK
