nappy rig log  2026-10-02T23:52:24  version v0.21.5-14-g7d92cf16
   0.0  texture  atlas page 'ui' loaded in the startup: 0.7 ms, 392 x 392
   0.0  texture  atlas page 'stroller' loaded in the startup: 0.2 ms, 104 x 66
   0.0  texture  atlas page 'buildings' loaded in the startup: 1.9 ms, 332 x 576
   0.0  texture  atlas page 'street_kit' loaded in the startup: 1.4 ms, 392 x 454
   0.0  texture  atlas page 'ground' loaded in the startup: 1.1 ms, 172 x 308
   0.0  texture  atlas page 'decoration' loaded in the startup: 0.5 ms, 144 x 196
   0.0  texture  atlas page 'crowd' loaded in the startup: 0.4 ms, 194 x 250
   0.0  texture  atlas page 'events' loaded in the startup: 10.1 ms, 810 x 982
   0.0  texture  atlas page 'mother' loaded in the startup: 1.0 ms, 168 x 242
   0.0  texture  ground composed: 65 sources over 64 pictures into 424x444 in 21.2 ms
   0.0  arc      block (5,2) quiet_square -> requisitioned (scheduled)
   0.0  arc      block (6,9) quiet_square -> requisitioned (scheduled)
   0.0  arc      block (8,7) quiet_square -> requisitioned (scheduled)
   0.0  arc      block (3,8) commercial -> boarded_up (scheduled)
   0.0  arc      block (5,0) commercial -> boarded_up (scheduled)
   0.0  arc      block (10,10) commercial -> boarded_up (scheduled)
   0.0  arc      block (6,5) commercial -> boarded_up (scheduled)
   0.0  texture  ground composed: 65 sources over 64 pictures into 424x444 in 21.2 ms
   0.0  contact  the neighbor's window is boarded at column 3, row 3 (the third floor)
   0.0  contact  a column of 3 trucks comes down the main road north, and stops at (59,41)
   0.0  near     military_convoy at (59,63), 137px, exc 17, in 62.1/s (crowd 0.0, events 61.3), sleep 0
   0.0  near     military_convoy at (59,67), 82px, exc 17, in 62.1/s (crowd 0.0, events 61.3), sleep 0
   0.0  near     military_convoy at (59,71), 166px, exc 17, in 62.1/s (crowd 0.0, events 61.3), sleep 0
   0.0  freeze   sleep stopped filling | exc 37, in 61.0/s (crowd 0.0, events 61.0), sleep 0 | near: military_convoy 81px
